// Jest Snapshot v1, https://goo.gl/fbAQLP

exports[`Button component matches the snapshot 1`] = `
.emotion-0 {
  -webkit-appearance: none;
  display: -webkit-box;
  display: -webkit-flex;
  display: -ms-flexbox;
  display: flex;
  -webkit-align-items: center;
  -webkit-box-align: center;
  -ms-flex-align: center;
  align-items: center;
  -webkit-user-select: none;
  -moz-user-select: none;
  -ms-user-select: none;
  user-select: none;
  cursor: pointer;
  line-height: 1.65;
  border-radius: 2em;
  background-color: transparent;
  -webkit-transition: background 0.5s , -webkit-transform 0.5s;
  -webkit-transition: background 0.5s , transform 0.5s;
  transition: background 0.5s , transform 0.5s;
  font-size: 0.8rem;
  padding: 0.5em 1.5em;
}

.emotion-0:active {
  -webkit-transform: scale(0.95);
  -ms-transform: scale(0.95);
  transform: scale(0.95);
}

.emotion-0 svg {
  cursor: pointer;
}

.emotion-0:hover {
  background-color: rgba(238,238,238,0.975);
}

<button
  className="emotion-0"
  type="button"
>
  Submit
</button>
`;
